#-----------------------------------------------------------
# Vivado v2023.1.1 (64-bit)
# SW Build 3900603 on Fri Jun 16 19:30:25 MDT 2023
# IP Build 3900379 on Sat Jun 17 05:28:05 MDT 2023
# SharedData Build 3899622 on Fri Jun 16 03:34:24 MDT 2023
# Start of session at: Fri Sep  1 11:33:27 2023
# Process ID: 146701
# Current directory: /home/kanish/System_Design_through_FPGA/Vivado/bram_assignment/bram_assignment.runs/impl_1
# Command line: vivado -log block_ram.vdi -applog -product Vivado -messageDb vivado.pb -mode batch -source block_ram.tcl -notrace
# Log file: /home/kanish/System_Design_through_FPGA/Vivado/bram_assignment/bram_assignment.runs/impl_1/block_ram.vdi
# Journal file: /home/kanish/System_Design_through_FPGA/Vivado/bram_assignment/bram_assignment.runs/impl_1/vivado.jou
# Running On: kanish-G3-3500, OS: Linux, CPU Frequency: 2400.004 MHz, CPU Physical cores: 4, Host memory: 8101 MB
#-----------------------------------------------------------
source block_ram.tcl -notrace
