#-----------------------------------------------------------
# Vivado v2023.1 (64-bit)
# SW Build 3865809 on Sun May  7 15:04:56 MDT 2023
# IP Build 3864474 on Sun May  7 20:36:21 MDT 2023
# SharedData Build 3865790 on Sun May 07 13:33:03 MDT 2023
# Start of session at: Fri Sep 22 16:03:10 2023
# Process ID: 211035
# Current directory: /home/kanish/System_Design_through_FPGA/Vivado/project_7segmentdisplayuart_updated/project_7segmentdisplayuart.runs/ila_0_synth_1
# Command line: vivado -log ila_0.vds -product Vivado -mode batch -messageDb vivado.pb -notrace -source ila_0.tcl
# Log file: /home/kanish/System_Design_through_FPGA/Vivado/project_7segmentdisplayuart_updated/project_7segmentdisplayuart.runs/ila_0_synth_1/ila_0.vds
# Journal file: /home/kanish/System_Design_through_FPGA/Vivado/project_7segmentdisplayuart_updated/project_7segmentdisplayuart.runs/ila_0_synth_1/vivado.jou
# Running On: kanish-G3-3500, OS: Linux, CPU Frequency: 3696.853 MHz, CPU Physical cores: 4, Host memory: 8101 MB
#-----------------------------------------------------------
source ila_0.tcl -notrace
