#-----------------------------------------------------------
# Vivado v2023.1.1 (64-bit)
# SW Build 3900603 on Fri Jun 16 19:30:25 MDT 2023
# IP Build 3900379 on Sat Jun 17 05:28:05 MDT 2023
# SharedData Build 3899622 on Fri Jun 16 03:34:24 MDT 2023
# Start of session at: Fri Aug 25 10:38:31 2023
# Process ID: 17770
# Current directory: /home/arulvignesh/System_Design_through_FPGA/Vivado/mac_assign/mac_assign.runs/vio_0_synth_1
# Command line: vivado -log vio_0.vds -product Vivado -mode batch -messageDb vivado.pb -notrace -source vio_0.tcl
# Log file: /home/arulvignesh/System_Design_through_FPGA/Vivado/mac_assign/mac_assign.runs/vio_0_synth_1/vio_0.vds
# Journal file: /home/arulvignesh/System_Design_through_FPGA/Vivado/mac_assign/mac_assign.runs/vio_0_synth_1/vivado.jou
# Running On: arulvignesh-Lenovo-Legion-Y540-15IRH-PG0, OS: Linux, CPU Frequency: 2400.332 MHz, CPU Physical cores: 4, Host memory: 8224 MB
#-----------------------------------------------------------
source vio_0.tcl -notrace
