#-----------------------------------------------------------
# Vivado v2023.1 (64-bit)
# SW Build 3865809 on Sun May  7 15:04:56 MDT 2023
# IP Build 3864474 on Sun May  7 20:36:21 MDT 2023
# SharedData Build 3865790 on Sun May 07 13:33:03 MDT 2023
# Start of session at: Fri Sep 22 16:35:56 2023
# Process ID: 296428
# Current directory: /home/kanish/System_Design_through_FPGA/Vivado/project_7segmentdisplayuart_updated/project_7segmentdisplayuart.runs/synth_1
# Command line: vivado -log top_controller.vds -product Vivado -mode batch -messageDb vivado.pb -notrace -source top_controller.tcl
# Log file: /home/kanish/System_Design_through_FPGA/Vivado/project_7segmentdisplayuart_updated/project_7segmentdisplayuart.runs/synth_1/top_controller.vds
# Journal file: /home/kanish/System_Design_through_FPGA/Vivado/project_7segmentdisplayuart_updated/project_7segmentdisplayuart.runs/synth_1/vivado.jou
# Running On: kanish-G3-3500, OS: Linux, CPU Frequency: 4299.563 MHz, CPU Physical cores: 4, Host memory: 8101 MB
#-----------------------------------------------------------
source top_controller.tcl -notrace
